../Core/Src/main.c:197:5:main	9
../Core/Src/main.c:290:6:off_state	5
../Core/Src/main.c:314:6:acc_state	9
../Core/Src/main.c:342:6:ign_state	12
../Core/Src/main.c:398:6:dcdc_state	11
../Core/Src/main.c:449:6:on_state	11
../Core/Src/main.c:504:6:faultTemp_state	11
../Core/Src/main.c:566:6:charge_state	11
../Core/Src/main.c:621:6:fault_state	3
../Core/Src/main.c:664:6:debugMonitor	1
../Core/Src/main.c:696:6:updatePedal	3
../Core/Src/main.c:723:6:updateRegen	3
../Core/Src/main.c:746:6:updateAuxADC	1
../Core/Src/main.c:752:6:faultBlinker	3
../Core/Src/main.c:772:6:brakeActives	2
../Core/Src/main.c:790:6:SystemClock_Config	3
../Core/Src/main.c:836:13:MX_ADC1_Init	3
../Core/Src/main.c:888:13:MX_ADC2_Init	3
../Core/Src/main.c:940:13:MX_ADC3_Init	3
../Core/Src/main.c:992:13:MX_CAN1_Init	4
../Core/Src/main.c:1051:13:MX_DAC_Init	4
../Core/Src/main.c:1098:13:MX_GPIO_Init	1
../Core/Src/main.c:1242:6:HAL_CAN_RxFifoMsgPendingCallback	1
../Core/Src/main.c:1251:6:Error_Handler	1
